[dotenv@17.3.1] injecting env (37) from .env -- tip: 🔐 encrypt with Dotenvx: https://dotenvx.com
MongoDB connected: ac-vvzftlv-shard-00-00.lslve19.mongodb.net | DB: nguyenlien_dev
Server running at http://localhost:5000
Swagger docs at http://localhost:5000/api-docs
[0mGET /api/v1/products?page=1&limit=9&status=ACTIVE&sortBy=newest [32m200[0m 364.114 ms - 5823[0m
[0mGET /api/v1/products?page=2&limit=9&status=ACTIVE&sortBy=newest [32m200[0m 257.850 ms - 5747[0m
[0mGET /api/v1/products?page=3&limit=9&status=ACTIVE&sortBy=newest [32m200[0m 257.008 ms - 5881[0m
[0mGET /api/v1/products?page=4&limit=9&status=ACTIVE&sortBy=newest [32m200[0m 265.546 ms - 5869[0m
[0mGET /api/v1/products?page=5&limit=9&status=ACTIVE&sortBy=newest [32m200[0m 283.292 ms - 5870[0m
[0mGET /api/v1/products?page=6&limit=9&status=ACTIVE&sortBy=newest [32m200[0m 273.603 ms - 770[0m
[0mPOST /api/v1/auth/refresh [33m401[0m 224.781 ms - 90[0m
{"level":"info","timestamp":"2026-06-13T19:53:13.949Z","event":"shop_info_retrieved","shop_id":"6a2d9fc7616f221f35ccc734"}
[0mGET /api/v1/shop-info [36m304[0m 74.356 ms - -[0m
[0mGET /api/v1/carts/guest?include_items=true&format=summary [36m304[0m 147.927 ms - -[0m
[0mGET /api/v1/categories/tree [36m304[0m 67.378 ms - -[0m
[0mGET /api/v1/products?page=1&limit=9&sortBy=newest&status=ACTIVE [32m200[0m 492.045 ms - 5823[0m
[0mPOST /api/v1/auth/refresh [33m401[0m 19.476 ms - 90[0m
{"level":"info","timestamp":"2026-06-13T19:53:31.327Z","event":"shop_info_retrieved","shop_id":"6a2d9fc7616f221f35ccc734"}
[0mGET /api/v1/shop-info [36m304[0m 82.079 ms - -[0m
[0mGET /api/v1/carts/guest?include_items=true&format=summary [36m304[0m 120.463 ms - -[0m
[0mGET /api/v1/categories/tree [36m304[0m 58.524 ms - -[0m
[0mGET /api/v1/products?page=2&limit=9&sortBy=newest&status=ACTIVE [32m200[0m 466.634 ms - 5747[0m
[0mPOST /api/v1/auth/refresh [33m401[0m 20.464 ms - 90[0m
{"level":"info","timestamp":"2026-06-13T19:53:33.985Z","event":"shop_info_retrieved","shop_id":"6a2d9fc7616f221f35ccc734"}
[0mGET /api/v1/shop-info [36m304[0m 60.146 ms - -[0m
[0mGET /api/v1/carts/guest?include_items=true&format=summary [36m304[0m 115.367 ms - -[0m
[0mGET /api/v1/categories/tree [36m304[0m 55.589 ms - -[0m
[0mGET /api/v1/products?page=3&limit=9&sortBy=newest&status=ACTIVE [32m200[0m 677.368 ms - 5881[0m
[0mPOST /api/v1/auth/refresh [33m401[0m 12.023 ms - 90[0m
{"level":"info","timestamp":"2026-06-13T19:53:54.150Z","event":"shop_info_retrieved","shop_id":"6a2d9fc7616f221f35ccc734"}
[0mGET /api/v1/shop-info [36m304[0m 62.852 ms - -[0m
[0mGET /api/v1/carts/guest?include_items=true&format=summary [36m304[0m 110.826 ms - -[0m
[0mGET /api/v1/categories/tree [36m304[0m 50.657 ms - -[0m
[0mGET /api/v1/products?page=2&limit=9&sortBy=newest&status=ACTIVE [36m304[0m 393.053 ms - -[0m
[0mPOST /api/v1/auth/refresh [33m401[0m 12.023 ms - 90[0m
{"level":"info","timestamp":"2026-06-13T19:54:13.323Z","event":"shop_info_retrieved","shop_id":"6a2d9fc7616f221f35ccc734"}
[0mGET /api/v1/shop-info [36m304[0m 90.724 ms - -[0m
[0mGET /api/v1/carts/guest?include_items=true&format=summary [36m304[0m 151.648 ms - -[0m
[0mGET /api/v1/categories/tree [36m304[0m 59.377 ms - -[0m
[0mGET /api/v1/products?page=1&limit=9&sortBy=newest&status=ACTIVE [36m304[0m 371.805 ms - -[0m
[0mGET /api/v1/products?page=2&limit=9&sortBy=newest&status=ACTIVE [32m200[0m 344.571 ms - 5747[0m
[0mGET /api/v1/products?page=1&limit=9&sortBy=newest&status=ACTIVE [32m200[0m 1073.641 ms - 5823[0m
[0mGET /api/v1/products/6a2d9fc2616f221f35ccc6b6?include_units=true [36m304[0m 178.370 ms - -[0m
[0mGET /api/v1/reviews/product/6a2d9fc2616f221f35ccc6b6?page=1&limit=5 [36m304[0m 106.854 ms - -[0m
[0mGET /api/v1/products/6a2d9fc2616f221f35ccc6b6?include_units=true [36m304[0m 151.535 ms - -[0m
[0mGET /api/v1/categories/tree [36m304[0m 54.537 ms - -[0m
[0mGET /api/v1/products?page=1&limit=9&sortBy=newest&status=ACTIVE [36m304[0m 360.909 ms - -[0m
[0mGET /api/v1/products?page=1&limit=9&badge=new&sortBy=newest&status=ACTIVE [32m200[0m 158.565 ms - 2064[0m
[0mGET /api/v1/categories/tree [36m304[0m 48.781 ms - -[0m
[0mGET /api/v1/categories/tree [36m304[0m 49.986 ms - -[0m
[0mGET /api/v1/products?page=1&limit=9&badge=new&sortBy=newest&status=ACTIVE [36m304[0m 151.328 ms - -[0m
[0mGET /api/v1/products?page=1&limit=9&sortBy=newest&status=ACTIVE [36m304[0m 895.741 ms - -[0m
[0mGET /api/v1/categories/tree [36m304[0m 55.990 ms - -[0m
[0mGET /api/v1/categories/tree [36m304[0m 51.127 ms - -[0m
[0mPOST /api/v1/auth/refresh [33m401[0m 44.529 ms - 90[0m
{"level":"info","timestamp":"2026-06-13T20:08:18.982Z","event":"shop_info_retrieved","shop_id":"6a2d9fc7616f221f35ccc734"}
[0mGET /api/v1/shop-info [36m304[0m 112.818 ms - -[0m
[0mGET /api/v1/carts/guest?include_items=true&format=summary [36m304[0m 166.471 ms - -[0m
[0mGET /api/v1/categories/tree [36m304[0m 52.844 ms - -[0m
[0mGET /api/v1/products?page=1&limit=9&sortBy=newest&status=ACTIVE [36m304[0m 352.944 ms - -[0m
[0mGET /api/v1/products?page=1&limit=9&category_id=6a2d9f87616f221f35ccc12a&sortBy=newest&status=ACTIVE [32m200[0m 161.981 ms - 3954[0m
[0mPOST /api/v1/auth/refresh [33m401[0m 5.137 ms - 90[0m
{"level":"info","timestamp":"2026-06-13T20:09:19.942Z","event":"shop_info_retrieved","shop_id":"6a2d9fc7616f221f35ccc734"}
[0mGET /api/v1/shop-info [36m304[0m 57.946 ms - -[0m
[0mGET /api/v1/carts/guest?include_items=true&format=summary [36m304[0m 109.076 ms - -[0m
[0mGET /api/v1/categories/tree [36m304[0m 48.639 ms - -[0m
[0mGET /api/v1/products?page=1&limit=9&sortBy=newest&status=ACTIVE [36m304[0m 1020.640 ms - -[0m
[0mPOST /api/v1/auth/refresh [33m401[0m 4.054 ms - 90[0m
{"level":"info","timestamp":"2026-06-13T20:11:20.240Z","event":"shop_info_retrieved","shop_id":"6a2d9fc7616f221f35ccc734"}
[0mGET /api/v1/shop-info [36m304[0m 50.380 ms - -[0m
[0mGET /api/v1/carts/guest?include_items=true&format=summary [36m304[0m 98.571 ms - -[0m
[0mGET /api/v1/categories/tree [36m304[0m 51.943 ms - -[0m
[0mGET /api/v1/products?page=1&limit=9&badge=new&sortBy=newest&status=ACTIVE [36m304[0m 151.657 ms - -[0m
[0mPOST /api/v1/auth/refresh [33m401[0m 8.202 ms - 90[0m
{"level":"info","timestamp":"2026-06-13T20:17:35.563Z","event":"shop_info_retrieved","shop_id":"6a2d9fc7616f221f35ccc734"}
[0mGET /api/v1/shop-info [36m304[0m 50.145 ms - -[0m
[0mGET /api/v1/carts/guest?include_items=true&format=summary [36m304[0m 100.193 ms - -[0m
[0mGET /api/v1/categories/tree [36m304[0m 55.936 ms - -[0m
[0mGET /api/v1/products?page=1&limit=9&sortBy=newest&status=ACTIVE [0m-[0m - ms - -[0m
[0mPOST /api/v1/auth/refresh [33m401[0m 3.660 ms - 90[0m
{"level":"info","timestamp":"2026-06-13T20:17:37.401Z","event":"shop_info_retrieved","shop_id":"6a2d9fc7616f221f35ccc734"}
[0mGET /api/v1/shop-info [36m304[0m 72.879 ms - -[0m
[0mGET /api/v1/carts/guest?include_items=true&format=summary [36m304[0m 100.465 ms - -[0m
[0mGET /api/v1/categories/tree [36m304[0m 49.422 ms - -[0m
[0mGET /api/v1/products?page=1&limit=9&sortBy=newest&status=ACTIVE [32m200[0m 299.411 ms - 5823[0m
