{
  message: 'Refresh token does not exist',
  stack: 'Error: Refresh token does not exist\n' +
    '    at C:\\MyProject\\NguyenLienShop\\backend\\src\\modules\\auth\\auth.controller.js:87:15\n' +
    '    at C:\\MyProject\\NguyenLienShop\\backend\\src\\utils\\asyncHandler.util.js:2:21\n' +
    '    at Layer.handleRequest (C:\\MyProject\\NguyenLienShop\\backend\\node_modules\\router\\lib\\layer.js:152:17)\n' +
    '    at next (C:\\MyProject\\NguyenLienShop\\backend\\node_modules\\router\\lib\\route.js:157:13)\n' +
    '    at Route.dispatch (C:\\MyProject\\NguyenLienShop\\backend\\node_modules\\router\\lib\\route.js:117:3)\n' +
    '    at handle (C:\\MyProject\\NguyenLienShop\\backend\\node_modules\\router\\index.js:435:11)\n' +
    '    at Layer.handleRequest (C:\\MyProject\\NguyenLienShop\\backend\\node_modules\\router\\lib\\layer.js:152:17)\n' +
    '    at C:\\MyProject\\NguyenLienShop\\backend\\node_modules\\router\\index.js:295:15\n' +
    '    at processParams (C:\\MyProject\\NguyenLienShop\\backend\\node_modules\\router\\index.js:582:12)\n' +
    '    at next (C:\\MyProject\\NguyenLienShop\\backend\\node_modules\\router\\index.js:291:5)',
  method: 'POST',
  url: '/api/v1/auth/refresh'
}
{
  message: 'Refresh token does not exist',
  stack: 'Error: Refresh token does not exist\n' +
    '    at C:\\MyProject\\NguyenLienShop\\backend\\src\\modules\\auth\\auth.controller.js:87:15\n' +
    '    at C:\\MyProject\\NguyenLienShop\\backend\\src\\utils\\asyncHandler.util.js:2:21\n' +
    '    at Layer.handleRequest (C:\\MyProject\\NguyenLienShop\\backend\\node_modules\\router\\lib\\layer.js:152:17)\n' +
    '    at next (C:\\MyProject\\NguyenLienShop\\backend\\node_modules\\router\\lib\\route.js:157:13)\n' +
    '    at Route.dispatch (C:\\MyProject\\NguyenLienShop\\backend\\node_modules\\router\\lib\\route.js:117:3)\n' +
    '    at handle (C:\\MyProject\\NguyenLienShop\\backend\\node_modules\\router\\index.js:435:11)\n' +
    '    at Layer.handleRequest (C:\\MyProject\\NguyenLienShop\\backend\\node_modules\\router\\lib\\layer.js:152:17)\n' +
    '    at C:\\MyProject\\NguyenLienShop\\backend\\node_modules\\router\\index.js:295:15\n' +
    '    at processParams (C:\\MyProject\\NguyenLienShop\\backend\\node_modules\\router\\index.js:582:12)\n' +
    '    at next (C:\\MyProject\\NguyenLienShop\\backend\\node_modules\\router\\index.js:291:5)',
  method: 'POST',
  url: '/api/v1/auth/refresh'
}
{
  message: 'Refresh token does not exist',
  stack: 'Error: Refresh token does not exist\n' +
    '    at C:\\MyProject\\NguyenLienShop\\backend\\src\\modules\\auth\\auth.controller.js:87:15\n' +
    '    at C:\\MyProject\\NguyenLienShop\\backend\\src\\utils\\asyncHandler.util.js:2:21\n' +
    '    at Layer.handleRequest (C:\\MyProject\\NguyenLienShop\\backend\\node_modules\\router\\lib\\layer.js:152:17)\n' +
    '    at next (C:\\MyProject\\NguyenLienShop\\backend\\node_modules\\router\\lib\\route.js:157:13)\n' +
    '    at Route.dispatch (C:\\MyProject\\NguyenLienShop\\backend\\node_modules\\router\\lib\\route.js:117:3)\n' +
    '    at handle (C:\\MyProject\\NguyenLienShop\\backend\\node_modules\\router\\index.js:435:11)\n' +
    '    at Layer.handleRequest (C:\\MyProject\\NguyenLienShop\\backend\\node_modules\\router\\lib\\layer.js:152:17)\n' +
    '    at C:\\MyProject\\NguyenLienShop\\backend\\node_modules\\router\\index.js:295:15\n' +
    '    at processParams (C:\\MyProject\\NguyenLienShop\\backend\\node_modules\\router\\index.js:582:12)\n' +
    '    at next (C:\\MyProject\\NguyenLienShop\\backend\\node_modules\\router\\index.js:291:5)',
  method: 'POST',
  url: '/api/v1/auth/refresh'
}
{
  message: 'Refresh token does not exist',
  stack: 'Error: Refresh token does not exist\n' +
    '    at C:\\MyProject\\NguyenLienShop\\backend\\src\\modules\\auth\\auth.controller.js:87:15\n' +
    '    at C:\\MyProject\\NguyenLienShop\\backend\\src\\utils\\asyncHandler.util.js:2:21\n' +
    '    at Layer.handleRequest (C:\\MyProject\\NguyenLienShop\\backend\\node_modules\\router\\lib\\layer.js:152:17)\n' +
    '    at next (C:\\MyProject\\NguyenLienShop\\backend\\node_modules\\router\\lib\\route.js:157:13)\n' +
    '    at Route.dispatch (C:\\MyProject\\NguyenLienShop\\backend\\node_modules\\router\\lib\\route.js:117:3)\n' +
    '    at handle (C:\\MyProject\\NguyenLienShop\\backend\\node_modules\\router\\index.js:435:11)\n' +
    '    at Layer.handleRequest (C:\\MyProject\\NguyenLienShop\\backend\\node_modules\\router\\lib\\layer.js:152:17)\n' +
    '    at C:\\MyProject\\NguyenLienShop\\backend\\node_modules\\router\\index.js:295:15\n' +
    '    at processParams (C:\\MyProject\\NguyenLienShop\\backend\\node_modules\\router\\index.js:582:12)\n' +
    '    at next (C:\\MyProject\\NguyenLienShop\\backend\\node_modules\\router\\index.js:291:5)',
  method: 'POST',
  url: '/api/v1/auth/refresh'
}
{
  message: 'Refresh token does not exist',
  stack: 'Error: Refresh token does not exist\n' +
    '    at C:\\MyProject\\NguyenLienShop\\backend\\src\\modules\\auth\\auth.controller.js:87:15\n' +
    '    at C:\\MyProject\\NguyenLienShop\\backend\\src\\utils\\asyncHandler.util.js:2:21\n' +
    '    at Layer.handleRequest (C:\\MyProject\\NguyenLienShop\\backend\\node_modules\\router\\lib\\layer.js:152:17)\n' +
    '    at next (C:\\MyProject\\NguyenLienShop\\backend\\node_modules\\router\\lib\\route.js:157:13)\n' +
    '    at Route.dispatch (C:\\MyProject\\NguyenLienShop\\backend\\node_modules\\router\\lib\\route.js:117:3)\n' +
    '    at handle (C:\\MyProject\\NguyenLienShop\\backend\\node_modules\\router\\index.js:435:11)\n' +
    '    at Layer.handleRequest (C:\\MyProject\\NguyenLienShop\\backend\\node_modules\\router\\lib\\layer.js:152:17)\n' +
    '    at C:\\MyProject\\NguyenLienShop\\backend\\node_modules\\router\\index.js:295:15\n' +
    '    at processParams (C:\\MyProject\\NguyenLienShop\\backend\\node_modules\\router\\index.js:582:12)\n' +
    '    at next (C:\\MyProject\\NguyenLienShop\\backend\\node_modules\\router\\index.js:291:5)',
  method: 'POST',
  url: '/api/v1/auth/refresh'
}
{
  message: 'Refresh token does not exist',
  stack: 'Error: Refresh token does not exist\n' +
    '    at C:\\MyProject\\NguyenLienShop\\backend\\src\\modules\\auth\\auth.controller.js:87:15\n' +
    '    at C:\\MyProject\\NguyenLienShop\\backend\\src\\utils\\asyncHandler.util.js:2:21\n' +
    '    at Layer.handleRequest (C:\\MyProject\\NguyenLienShop\\backend\\node_modules\\router\\lib\\layer.js:152:17)\n' +
    '    at next (C:\\MyProject\\NguyenLienShop\\backend\\node_modules\\router\\lib\\route.js:157:13)\n' +
    '    at Route.dispatch (C:\\MyProject\\NguyenLienShop\\backend\\node_modules\\router\\lib\\route.js:117:3)\n' +
    '    at handle (C:\\MyProject\\NguyenLienShop\\backend\\node_modules\\router\\index.js:435:11)\n' +
    '    at Layer.handleRequest (C:\\MyProject\\NguyenLienShop\\backend\\node_modules\\router\\lib\\layer.js:152:17)\n' +
    '    at C:\\MyProject\\NguyenLienShop\\backend\\node_modules\\router\\index.js:295:15\n' +
    '    at processParams (C:\\MyProject\\NguyenLienShop\\backend\\node_modules\\router\\index.js:582:12)\n' +
    '    at next (C:\\MyProject\\NguyenLienShop\\backend\\node_modules\\router\\index.js:291:5)',
  method: 'POST',
  url: '/api/v1/auth/refresh'
}
{
  message: 'Refresh token does not exist',
  stack: 'Error: Refresh token does not exist\n' +
    '    at C:\\MyProject\\NguyenLienShop\\backend\\src\\modules\\auth\\auth.controller.js:87:15\n' +
    '    at C:\\MyProject\\NguyenLienShop\\backend\\src\\utils\\asyncHandler.util.js:2:21\n' +
    '    at Layer.handleRequest (C:\\MyProject\\NguyenLienShop\\backend\\node_modules\\router\\lib\\layer.js:152:17)\n' +
    '    at next (C:\\MyProject\\NguyenLienShop\\backend\\node_modules\\router\\lib\\route.js:157:13)\n' +
    '    at Route.dispatch (C:\\MyProject\\NguyenLienShop\\backend\\node_modules\\router\\lib\\route.js:117:3)\n' +
    '    at handle (C:\\MyProject\\NguyenLienShop\\backend\\node_modules\\router\\index.js:435:11)\n' +
    '    at Layer.handleRequest (C:\\MyProject\\NguyenLienShop\\backend\\node_modules\\router\\lib\\layer.js:152:17)\n' +
    '    at C:\\MyProject\\NguyenLienShop\\backend\\node_modules\\router\\index.js:295:15\n' +
    '    at processParams (C:\\MyProject\\NguyenLienShop\\backend\\node_modules\\router\\index.js:582:12)\n' +
    '    at next (C:\\MyProject\\NguyenLienShop\\backend\\node_modules\\router\\index.js:291:5)',
  method: 'POST',
  url: '/api/v1/auth/refresh'
}
{
  message: 'Refresh token does not exist',
  stack: 'Error: Refresh token does not exist\n' +
    '    at C:\\MyProject\\NguyenLienShop\\backend\\src\\modules\\auth\\auth.controller.js:87:15\n' +
    '    at C:\\MyProject\\NguyenLienShop\\backend\\src\\utils\\asyncHandler.util.js:2:21\n' +
    '    at Layer.handleRequest (C:\\MyProject\\NguyenLienShop\\backend\\node_modules\\router\\lib\\layer.js:152:17)\n' +
    '    at next (C:\\MyProject\\NguyenLienShop\\backend\\node_modules\\router\\lib\\route.js:157:13)\n' +
    '    at Route.dispatch (C:\\MyProject\\NguyenLienShop\\backend\\node_modules\\router\\lib\\route.js:117:3)\n' +
    '    at handle (C:\\MyProject\\NguyenLienShop\\backend\\node_modules\\router\\index.js:435:11)\n' +
    '    at Layer.handleRequest (C:\\MyProject\\NguyenLienShop\\backend\\node_modules\\router\\lib\\layer.js:152:17)\n' +
    '    at C:\\MyProject\\NguyenLienShop\\backend\\node_modules\\router\\index.js:295:15\n' +
    '    at processParams (C:\\MyProject\\NguyenLienShop\\backend\\node_modules\\router\\index.js:582:12)\n' +
    '    at next (C:\\MyProject\\NguyenLienShop\\backend\\node_modules\\router\\index.js:291:5)',
  method: 'POST',
  url: '/api/v1/auth/refresh'
}
{
  message: 'Refresh token does not exist',
  stack: 'Error: Refresh token does not exist\n' +
    '    at C:\\MyProject\\NguyenLienShop\\backend\\src\\modules\\auth\\auth.controller.js:87:15\n' +
    '    at C:\\MyProject\\NguyenLienShop\\backend\\src\\utils\\asyncHandler.util.js:2:21\n' +
    '    at Layer.handleRequest (C:\\MyProject\\NguyenLienShop\\backend\\node_modules\\router\\lib\\layer.js:152:17)\n' +
    '    at next (C:\\MyProject\\NguyenLienShop\\backend\\node_modules\\router\\lib\\route.js:157:13)\n' +
    '    at Route.dispatch (C:\\MyProject\\NguyenLienShop\\backend\\node_modules\\router\\lib\\route.js:117:3)\n' +
    '    at handle (C:\\MyProject\\NguyenLienShop\\backend\\node_modules\\router\\index.js:435:11)\n' +
    '    at Layer.handleRequest (C:\\MyProject\\NguyenLienShop\\backend\\node_modules\\router\\lib\\layer.js:152:17)\n' +
    '    at C:\\MyProject\\NguyenLienShop\\backend\\node_modules\\router\\index.js:295:15\n' +
    '    at processParams (C:\\MyProject\\NguyenLienShop\\backend\\node_modules\\router\\index.js:582:12)\n' +
    '    at next (C:\\MyProject\\NguyenLienShop\\backend\\node_modules\\router\\index.js:291:5)',
  method: 'POST',
  url: '/api/v1/auth/refresh'
}
{
  message: 'Refresh token does not exist',
  stack: 'Error: Refresh token does not exist\n' +
    '    at C:\\MyProject\\NguyenLienShop\\backend\\src\\modules\\auth\\auth.controller.js:87:15\n' +
    '    at C:\\MyProject\\NguyenLienShop\\backend\\src\\utils\\asyncHandler.util.js:2:21\n' +
    '    at Layer.handleRequest (C:\\MyProject\\NguyenLienShop\\backend\\node_modules\\router\\lib\\layer.js:152:17)\n' +
    '    at next (C:\\MyProject\\NguyenLienShop\\backend\\node_modules\\router\\lib\\route.js:157:13)\n' +
    '    at Route.dispatch (C:\\MyProject\\NguyenLienShop\\backend\\node_modules\\router\\lib\\route.js:117:3)\n' +
    '    at handle (C:\\MyProject\\NguyenLienShop\\backend\\node_modules\\router\\index.js:435:11)\n' +
    '    at Layer.handleRequest (C:\\MyProject\\NguyenLienShop\\backend\\node_modules\\router\\lib\\layer.js:152:17)\n' +
    '    at C:\\MyProject\\NguyenLienShop\\backend\\node_modules\\router\\index.js:295:15\n' +
    '    at processParams (C:\\MyProject\\NguyenLienShop\\backend\\node_modules\\router\\index.js:582:12)\n' +
    '    at next (C:\\MyProject\\NguyenLienShop\\backend\\node_modules\\router\\index.js:291:5)',
  method: 'POST',
  url: '/api/v1/auth/refresh'
}
